// Jest Snapshot v1, https://goo.gl/fbAQLP

exports[`Search tests should match snapshot with default Search 1`] = `
<DocumentFragment>
  <div
    class="styles__Container-sc-v1l7xw-0 AYMgU"
  >
    <input
      class="styles__InputStyled-sc-1i43h77-0 fULZLo"
      data-testid="input"
      name="search"
      placeholder="Find an expert by specialty or name"
      type="text"
      value=""
    />
    <div
      class="styles__Container-sc-os8su5-0"
    >
      <button
        class="styles__ButtonStyled-sc-os8su5-1 faeSvG"
        role="button"
      >
        Search
      </button>
    </div>
  </div>
</DocumentFragment>
`;

exports[`Search tests should match snapshot with default Search with searchFreelance 1`] = `
<DocumentFragment>
  <div
    class="styles__Container-sc-v1l7xw-0 AYMgU"
  >
    <input
      class="styles__InputStyled-sc-1i43h77-0 fULZLo"
      data-testid="input"
      name="search"
      placeholder="Find an expert by specialty or name"
      type="text"
      value=""
    />
    <div
      class="styles__Container-sc-os8su5-0"
    >
      <button
        class="styles__ButtonStyled-sc-os8su5-1 faeSvG"
        role="button"
      >
        Search
      </button>
    </div>
  </div>
</DocumentFragment>
`;
